// Jest Snapshot v1, https://goo.gl/fbAQLP

exports[`it should render app without crashing should render a view with a background color 1`] = `ShallowWrapper {}`;
